
> repli@1.0.0 start
> node src/index.js


3POINTER.CLUB | Repli v1 (Supabase)
driver:   wwebjs
database: https://hepzscvtugpxdshwhikp.supabase.co
bot:      ON
admins:   919799757664
bypass:   0 number(s)
products: Spider-Man T-Shirt, Venom T-Shirt, BAPE Single Hood, BAPE Double Hood, Nike Elite Backpack

[12:48:06] INFO outbox.started action=3000ms
[12:48:06] INFO invalidate.listening action=supabase poll 3000ms
[12:48:06] INFO whatsapp.starting action=wwebjs
[12:48:06] INFO whatsapp.browser action=C:\Program Files\Google\Chrome\Application\chrome.exe
🌐 Browser: C:\Program Files\Google\Chrome\Application\chrome.exe
[12:48:09] INFO repli.started action=wwebjs
[12:48:14] INFO whatsapp.authenticated
🔐 Session restored (no QR). Waiting until the bot can reply…
[12:48:14] INFO whatsapp.attach_start
[12:48:16] WARN whatsapp.attach_timeout error="Protocol error (Runtime.addBinding): Target closed"
[12:48:16] WARN whatsapp.attach_missed
[12:48:16] INFO whatsapp.ready phone=919799757664

✅ Repli connected as 919799757664

[12:48:26] WARN whatsapp.ready_watchdog phone=919799757664

✅ Repli connected as 919799757664

[12:48:26] INFO whatsapp.msg_hook action=hooked
[12:48:38] INFO message.ignored phone=917579689361 action=empty_body
[12:48:45] INFO ai.call action=brain
[12:48:45] INFO ai.brain phone=919321684451 action=other -> continue conf=0.90 msg="Mujhe setup kr wa kr do mein bot ko explain krunga"
[12:48:45] INFO reply.sent phone=919321684451
[12:48:45] INFO turn phone=919321684451 state=COLLECT_DETAILS→COLLECT_DETAILS action=ai_reply_collecting the address msg="Mujhe setup kr wa kr do mein bot ko explain krunga kab kya bol na hai mujhe to"
[12:48:59] INFO sheet.written action=seen
[12:49:40] INFO message.ignored action=status_broadcast
[12:49:45] INFO ai.call action=brain
[12:49:45] INFO ai.brain phone=919321684451 action=other -> continue conf=0.90 msg="Bhai call he nhi kr sakta"
[12:49:45] INFO reply.sent phone=919321684451
[12:49:45] INFO turn phone=919321684451 state=COLLECT_DETAILS→COLLECT_DETAILS action=ai_reply_collecting the address msg="Bhai call he nhi kr sakta"
[12:49:51] INFO ai.call action=brain
[12:49:51] INFO ai.brain phone=919321684451 action=chitchat -> continue conf=0.90 msg="Phone kharab hua pada hai"
[12:49:52] INFO reply.repeat_suppressed phone=919321684451 action=1 dropped
[12:49:52] INFO turn phone=919321684451 state=COLLECT_DETAILS→COLLECT_DETAILS action=ai_reply_collecting the address msg="Phone kharab hua pada hai"
[12:51:22] INFO ai.call action=brain
[12:51:22] INFO ai.brain phone=919321684451 action=chitchat -> continue conf=0.90 msg="Ha ha"
[12:51:22] INFO reply.sent phone=919321684451
[12:51:22] INFO turn phone=919321684451 state=COLLECT_DETAILS→COLLECT_DETAILS action=ai_reply_collecting the address msg="Ha ha"
[12:58:57] INFO sheet.written action=seen
[12:58:58] INFO ai.call action=brain
[12:58:58] INFO ai.brain phone=919321684451 action=other -> continue conf=0.90 msg="Laptop hai"
[12:58:58] INFO reply.sent phone=919321684451
[12:58:58] INFO turn phone=919321684451 state=COLLECT_DETAILS→COLLECT_DETAILS action=ai_reply_collecting the address msg="Laptop hai"
[12:59:00] INFO sheet.written action=seen
[12:59:01] INFO ai.call action=brain
[12:59:01] INFO ai.brain phone=919321684451 action=other -> continue conf=0.90 msg="Kalil bhai"
[12:59:01] INFO reply.repeat_suppressed phone=919321684451 action=1 dropped
[12:59:01] INFO turn phone=919321684451 state=COLLECT_DETAILS→COLLECT_DETAILS action=ai_reply_collecting the address msg="Kalil bhai"
[12:59:27] INFO message.not_allowed phone=919982385192 action=allowlist
[13:05:48] INFO message.ignored action=status_broadcast
[13:39:24] INFO message.ignored action=status_broadcast
[14:14:37] INFO message.not_allowed phone=918118837161 action=allowlist
[14:14:42] INFO message.not_allowed phone=918118837161 action=allowlist
[14:19:25] INFO message.not_allowed phone=918118837161 action=allowlist
[14:20:30] INFO message.not_allowed phone=918118837161 action=allowlist
[14:21:30] INFO message.not_allowed phone=918118837161 action=allowlist
[14:21:50] INFO message.not_allowed phone=919982385192 action=allowlist
[14:22:42] INFO message.not_allowed phone=919982385192 action=allowlist
[14:42:56] INFO message.ignored action=group_chat
